2025-12-12 09:58:33 [main] INFO  c.e.q.QrCodeGeneratorApplication - Starting QrCodeGeneratorApplication using Java 17.0.10 with PID 16836 (C:\Users\Athavan\Documents\Annular Technologies\qr-code-generator\target\classes started by Athavan in C:\Users\Athavan\Documents\Annular Technologies\qr-code-generator)
2025-12-12 09:58:33 [main] INFO  c.e.q.QrCodeGeneratorApplication - No active profile set, falling back to 1 default profile: "default"
2025-12-12 09:58:35 [main] INFO  o.s.b.w.e.tomcat.TomcatWebServer - Tomcat initialized with port(s): 8080 (http)
2025-12-12 09:58:35 [main] INFO  o.a.catalina.core.StandardService - Starting service [Tomcat]
2025-12-12 09:58:35 [main] INFO  o.a.catalina.core.StandardEngine - Starting Servlet engine: [Apache Tomcat/10.1.15]
2025-12-12 09:58:35 [main] INFO  o.a.c.c.C.[Tomcat].[localhost].[/] - Initializing Spring embedded WebApplicationContext
2025-12-12 09:58:35 [main] INFO  o.s.b.w.s.c.ServletWebServerApplicationContext - Root WebApplicationContext: initialization completed in 1810 ms
2025-12-12 09:58:36 [main] WARN  o.s.b.w.s.c.AnnotationConfigServletWebServerApplicationContext - Exception encountered during context initialization - cancelling refresh attempt: org.springframework.beans.factory.BeanCreationException: Error creating bean with name 'cacheAutoConfigurationValidator' defined in class path resource [org/springframework/boot/autoconfigure/cache/CacheAutoConfiguration.class]: No cache manager could be auto-configured, check your configuration (caching type is 'CAFFEINE')
2025-12-12 09:58:36 [main] INFO  o.a.catalina.core.StandardService - Stopping service [Tomcat]
2025-12-12 09:58:36 [main] INFO  o.s.b.a.l.ConditionEvaluationReportLogger - 

Error starting ApplicationContext. To display the condition evaluation report re-run your application with 'debug' enabled.
2025-12-12 09:58:36 [main] ERROR o.s.boot.SpringApplication - Application run failed
org.springframework.beans.factory.BeanCreationException: Error creating bean with name 'cacheAutoConfigurationValidator' defined in class path resource [org/springframework/boot/autoconfigure/cache/CacheAutoConfiguration.class]: No cache manager could be auto-configured, check your configuration (caching type is 'CAFFEINE')
	at org.springframework.beans.factory.support.AbstractAutowireCapableBeanFactory.initializeBean(AbstractAutowireCapableBeanFactory.java:1770)
	at org.springframework.beans.factory.support.AbstractAutowireCapableBeanFactory.doCreateBean(AbstractAutowireCapableBeanFactory.java:598)
	at org.springframework.beans.factory.support.AbstractAutowireCapableBeanFactory.createBean(AbstractAutowireCapableBeanFactory.java:520)
	at org.springframework.beans.factory.support.AbstractBeanFactory.lambda$doGetBean$0(AbstractBeanFactory.java:325)
	at org.springframework.beans.factory.support.DefaultSingletonBeanRegistry.getSingleton(DefaultSingletonBeanRegistry.java:234)
	at org.springframework.beans.factory.support.AbstractBeanFactory.doGetBean(AbstractBeanFactory.java:323)
	at org.springframework.beans.factory.support.AbstractBeanFactory.getBean(AbstractBeanFactory.java:199)
	at org.springframework.beans.factory.support.DefaultListableBeanFactory.preInstantiateSingletons(DefaultListableBeanFactory.java:973)
	at org.springframework.context.support.AbstractApplicationContext.finishBeanFactoryInitialization(AbstractApplicationContext.java:950)
	at org.springframework.context.support.AbstractApplicationContext.refresh(AbstractApplicationContext.java:616)
	at org.springframework.boot.web.servlet.context.ServletWebServerApplicationContext.refresh(ServletWebServerApplicationContext.java:146)
	at org.springframework.boot.SpringApplication.refresh(SpringApplication.java:738)
	at org.springframework.boot.SpringApplication.refreshContext(SpringApplication.java:440)
	at org.springframework.boot.SpringApplication.run(SpringApplication.java:316)
	at org.springframework.boot.SpringApplication.run(SpringApplication.java:1306)
	at org.springframework.boot.SpringApplication.run(SpringApplication.java:1295)
	at com.example.qr_code_generator.QrCodeGeneratorApplication.main(QrCodeGeneratorApplication.java:12)
Caused by: java.lang.IllegalArgumentException: No cache manager could be auto-configured, check your configuration (caching type is 'CAFFEINE')
	at org.springframework.util.Assert.notNull(Assert.java:222)
	at org.springframework.boot.autoconfigure.cache.CacheAutoConfiguration$CacheManagerValidator.afterPropertiesSet(CacheAutoConfiguration.java:105)
	at org.springframework.beans.factory.support.AbstractAutowireCapableBeanFactory.invokeInitMethods(AbstractAutowireCapableBeanFactory.java:1817)
	at org.springframework.beans.factory.support.AbstractAutowireCapableBeanFactory.initializeBean(AbstractAutowireCapableBeanFactory.java:1766)
	... 16 common frames omitted
2025-12-12 09:59:52 [main] INFO  c.e.q.QrCodeGeneratorApplication - Starting QrCodeGeneratorApplication using Java 17.0.10 with PID 17428 (C:\Users\Athavan\Documents\Annular Technologies\qr-code-generator\target\classes started by Athavan in C:\Users\Athavan\Documents\Annular Technologies\qr-code-generator)
2025-12-12 09:59:52 [main] INFO  c.e.q.QrCodeGeneratorApplication - No active profile set, falling back to 1 default profile: "default"
2025-12-12 09:59:54 [main] INFO  o.s.b.w.e.tomcat.TomcatWebServer - Tomcat initialized with port(s): 8080 (http)
2025-12-12 09:59:54 [main] INFO  o.a.catalina.core.StandardService - Starting service [Tomcat]
2025-12-12 09:59:54 [main] INFO  o.a.catalina.core.StandardEngine - Starting Servlet engine: [Apache Tomcat/10.1.15]
2025-12-12 09:59:54 [main] INFO  o.a.c.c.C.[Tomcat].[localhost].[/] - Initializing Spring embedded WebApplicationContext
2025-12-12 09:59:54 [main] INFO  o.s.b.w.s.c.ServletWebServerApplicationContext - Root WebApplicationContext: initialization completed in 1733 ms
2025-12-12 09:59:55 [main] WARN  o.s.b.w.s.c.AnnotationConfigServletWebServerApplicationContext - Exception encountered during context initialization - cancelling refresh attempt: org.springframework.beans.factory.BeanCreationException: Error creating bean with name 'cacheAutoConfigurationValidator' defined in class path resource [org/springframework/boot/autoconfigure/cache/CacheAutoConfiguration.class]: No cache manager could be auto-configured, check your configuration (caching type is 'CAFFEINE')
2025-12-12 09:59:55 [main] INFO  o.a.catalina.core.StandardService - Stopping service [Tomcat]
2025-12-12 09:59:55 [main] INFO  o.s.b.a.l.ConditionEvaluationReportLogger - 

Error starting ApplicationContext. To display the condition evaluation report re-run your application with 'debug' enabled.
2025-12-12 09:59:55 [main] ERROR o.s.boot.SpringApplication - Application run failed
org.springframework.beans.factory.BeanCreationException: Error creating bean with name 'cacheAutoConfigurationValidator' defined in class path resource [org/springframework/boot/autoconfigure/cache/CacheAutoConfiguration.class]: No cache manager could be auto-configured, check your configuration (caching type is 'CAFFEINE')
	at org.springframework.beans.factory.support.AbstractAutowireCapableBeanFactory.initializeBean(AbstractAutowireCapableBeanFactory.java:1770)
	at org.springframework.beans.factory.support.AbstractAutowireCapableBeanFactory.doCreateBean(AbstractAutowireCapableBeanFactory.java:598)
	at org.springframework.beans.factory.support.AbstractAutowireCapableBeanFactory.createBean(AbstractAutowireCapableBeanFactory.java:520)
	at org.springframework.beans.factory.support.AbstractBeanFactory.lambda$doGetBean$0(AbstractBeanFactory.java:325)
	at org.springframework.beans.factory.support.DefaultSingletonBeanRegistry.getSingleton(DefaultSingletonBeanRegistry.java:234)
	at org.springframework.beans.factory.support.AbstractBeanFactory.doGetBean(AbstractBeanFactory.java:323)
	at org.springframework.beans.factory.support.AbstractBeanFactory.getBean(AbstractBeanFactory.java:199)
	at org.springframework.beans.factory.support.DefaultListableBeanFactory.preInstantiateSingletons(DefaultListableBeanFactory.java:973)
	at org.springframework.context.support.AbstractApplicationContext.finishBeanFactoryInitialization(AbstractApplicationContext.java:950)
	at org.springframework.context.support.AbstractApplicationContext.refresh(AbstractApplicationContext.java:616)
	at org.springframework.boot.web.servlet.context.ServletWebServerApplicationContext.refresh(ServletWebServerApplicationContext.java:146)
	at org.springframework.boot.SpringApplication.refresh(SpringApplication.java:738)
	at org.springframework.boot.SpringApplication.refreshContext(SpringApplication.java:440)
	at org.springframework.boot.SpringApplication.run(SpringApplication.java:316)
	at org.springframework.boot.SpringApplication.run(SpringApplication.java:1306)
	at org.springframework.boot.SpringApplication.run(SpringApplication.java:1295)
	at com.example.qr_code_generator.QrCodeGeneratorApplication.main(QrCodeGeneratorApplication.java:12)
Caused by: java.lang.IllegalArgumentException: No cache manager could be auto-configured, check your configuration (caching type is 'CAFFEINE')
	at org.springframework.util.Assert.notNull(Assert.java:222)
	at org.springframework.boot.autoconfigure.cache.CacheAutoConfiguration$CacheManagerValidator.afterPropertiesSet(CacheAutoConfiguration.java:105)
	at org.springframework.beans.factory.support.AbstractAutowireCapableBeanFactory.invokeInitMethods(AbstractAutowireCapableBeanFactory.java:1817)
	at org.springframework.beans.factory.support.AbstractAutowireCapableBeanFactory.initializeBean(AbstractAutowireCapableBeanFactory.java:1766)
	... 16 common frames omitted
2025-12-12 10:00:52 [main] INFO  c.e.q.QrCodeGeneratorApplication - Starting QrCodeGeneratorApplication using Java 17.0.10 with PID 23600 (C:\Users\Athavan\Documents\Annular Technologies\qr-code-generator\target\classes started by Athavan in C:\Users\Athavan\Documents\Annular Technologies\qr-code-generator)
2025-12-12 10:00:52 [main] INFO  c.e.q.QrCodeGeneratorApplication - No active profile set, falling back to 1 default profile: "default"
2025-12-12 10:00:54 [main] INFO  o.s.b.w.e.tomcat.TomcatWebServer - Tomcat initialized with port(s): 8080 (http)
2025-12-12 10:00:54 [main] INFO  o.a.catalina.core.StandardService - Starting service [Tomcat]
2025-12-12 10:00:54 [main] INFO  o.a.catalina.core.StandardEngine - Starting Servlet engine: [Apache Tomcat/10.1.15]
2025-12-12 10:00:54 [main] INFO  o.a.c.c.C.[Tomcat].[localhost].[/] - Initializing Spring embedded WebApplicationContext
2025-12-12 10:00:54 [main] INFO  o.s.b.w.s.c.ServletWebServerApplicationContext - Root WebApplicationContext: initialization completed in 1542 ms
2025-12-12 10:00:55 [main] INFO  o.s.b.w.e.tomcat.TomcatWebServer - Tomcat started on port(s): 8080 (http) with context path ''
2025-12-12 10:00:55 [main] INFO  c.e.q.QrCodeGeneratorApplication - Started QrCodeGeneratorApplication in 2.926 seconds (process running for 3.391)
2025-12-12 10:01:06 [http-nio-8080-exec-6] INFO  o.a.c.c.C.[Tomcat].[localhost].[/] - Initializing Spring DispatcherServlet 'dispatcherServlet'
2025-12-12 10:01:06 [http-nio-8080-exec-6] INFO  o.s.web.servlet.DispatcherServlet - Initializing Servlet 'dispatcherServlet'
2025-12-12 10:01:06 [http-nio-8080-exec-6] INFO  o.s.web.servlet.DispatcherServlet - Completed initialization in 2 ms
2025-12-12 10:05:15 [http-nio-8080-exec-10] ERROR c.e.q.e.GlobalExceptionHandler - Unexpected error: Failed to convert value of type 'java.lang.String' to required type 'int'; For input string: "300""
org.springframework.web.method.annotation.MethodArgumentTypeMismatchException: Failed to convert value of type 'java.lang.String' to required type 'int'; For input string: "300""
	at org.springframework.web.method.annotation.AbstractNamedValueMethodArgumentResolver.resolveArgument(AbstractNamedValueMethodArgumentResolver.java:133)
	at org.springframework.web.method.support.HandlerMethodArgumentResolverComposite.resolveArgument(HandlerMethodArgumentResolverComposite.java:122)
	at org.springframework.web.method.support.InvocableHandlerMethod.getMethodArgumentValues(InvocableHandlerMethod.java:179)
	at org.springframework.web.method.support.InvocableHandlerMethod.invokeForRequest(InvocableHandlerMethod.java:146)
	at org.springframework.web.servlet.mvc.method.annotation.ServletInvocableHandlerMethod.invokeAndHandle(ServletInvocableHandlerMethod.java:118)
	at org.springframework.web.servlet.mvc.method.annotation.RequestMappingHandlerAdapter.invokeHandlerMethod(RequestMappingHandlerAdapter.java:884)
	at org.springframework.web.servlet.mvc.method.annotation.RequestMappingHandlerAdapter.handleInternal(RequestMappingHandlerAdapter.java:797)
	at org.springframework.web.servlet.mvc.method.AbstractHandlerMethodAdapter.handle(AbstractHandlerMethodAdapter.java:87)
	at org.springframework.web.servlet.DispatcherServlet.doDispatch(DispatcherServlet.java:1081)
	at org.springframework.web.servlet.DispatcherServlet.doService(DispatcherServlet.java:974)
	at org.springframework.web.servlet.FrameworkServlet.processRequest(FrameworkServlet.java:1011)
	at org.springframework.web.servlet.FrameworkServlet.doGet(FrameworkServlet.java:903)
	at jakarta.servlet.http.HttpServlet.service(HttpServlet.java:564)
	at org.springframework.web.servlet.FrameworkServlet.service(FrameworkServlet.java:885)
	at jakarta.servlet.http.HttpServlet.service(HttpServlet.java:658)
	at org.apache.catalina.core.ApplicationFilterChain.internalDoFilter(ApplicationFilterChain.java:205)
	at org.apache.catalina.core.ApplicationFilterChain.doFilter(ApplicationFilterChain.java:149)
	at org.apache.tomcat.websocket.server.WsFilter.doFilter(WsFilter.java:51)
	at org.apache.catalina.core.ApplicationFilterChain.internalDoFilter(ApplicationFilterChain.java:174)
	at org.apache.catalina.core.ApplicationFilterChain.doFilter(ApplicationFilterChain.java:149)
	at org.springframework.web.filter.RequestContextFilter.doFilterInternal(RequestContextFilter.java:100)
	at org.springframework.web.filter.OncePerRequestFilter.doFilter(OncePerRequestFilter.java:116)
	at org.apache.catalina.core.ApplicationFilterChain.internalDoFilter(ApplicationFilterChain.java:174)
	at org.apache.catalina.core.ApplicationFilterChain.doFilter(ApplicationFilterChain.java:149)
	at org.springframework.web.filter.FormContentFilter.doFilterInternal(FormContentFilter.java:93)
	at org.springframework.web.filter.OncePerRequestFilter.doFilter(OncePerRequestFilter.java:116)
	at org.apache.catalina.core.ApplicationFilterChain.internalDoFilter(ApplicationFilterChain.java:174)
	at org.apache.catalina.core.ApplicationFilterChain.doFilter(ApplicationFilterChain.java:149)
	at org.springframework.web.filter.CharacterEncodingFilter.doFilterInternal(CharacterEncodingFilter.java:201)
	at org.springframework.web.filter.OncePerRequestFilter.doFilter(OncePerRequestFilter.java:116)
	at org.apache.catalina.core.ApplicationFilterChain.internalDoFilter(ApplicationFilterChain.java:174)
	at org.apache.catalina.core.ApplicationFilterChain.doFilter(ApplicationFilterChain.java:149)
	at org.apache.catalina.core.StandardWrapperValve.invoke(StandardWrapperValve.java:167)
	at org.apache.catalina.core.StandardContextValve.invoke(StandardContextValve.java:90)
	at org.apache.catalina.authenticator.AuthenticatorBase.invoke(AuthenticatorBase.java:482)
	at org.apache.catalina.core.StandardHostValve.invoke(StandardHostValve.java:115)
	at org.apache.catalina.valves.ErrorReportValve.invoke(ErrorReportValve.java:93)
	at org.apache.catalina.core.StandardEngineValve.invoke(StandardEngineValve.java:74)
	at org.apache.catalina.connector.CoyoteAdapter.service(CoyoteAdapter.java:340)
	at org.apache.coyote.http11.Http11Processor.service(Http11Processor.java:391)
	at org.apache.coyote.AbstractProcessorLight.process(AbstractProcessorLight.java:63)
	at org.apache.coyote.AbstractProtocol$ConnectionHandler.process(AbstractProtocol.java:896)
	at org.apache.tomcat.util.net.NioEndpoint$SocketProcessor.doRun(NioEndpoint.java:1744)
	at org.apache.tomcat.util.net.SocketProcessorBase.run(SocketProcessorBase.java:52)
	at org.apache.tomcat.util.threads.ThreadPoolExecutor.runWorker(ThreadPoolExecutor.java:1191)
	at org.apache.tomcat.util.threads.ThreadPoolExecutor$Worker.run(ThreadPoolExecutor.java:659)
	at org.apache.tomcat.util.threads.TaskThread$WrappingRunnable.run(TaskThread.java:61)
	at java.base/java.lang.Thread.run(Thread.java:842)
Caused by: java.lang.NumberFormatException: For input string: "300""
	at java.base/java.lang.NumberFormatException.forInputString(NumberFormatException.java:67)
	at java.base/java.lang.Integer.parseInt(Integer.java:668)
	at java.base/java.lang.Integer.valueOf(Integer.java:999)
	at org.springframework.util.NumberUtils.parseNumber(NumberUtils.java:203)
	at org.springframework.beans.propertyeditors.CustomNumberEditor.setAsText(CustomNumberEditor.java:115)
	at org.springframework.beans.TypeConverterDelegate.doConvertTextValue(TypeConverterDelegate.java:426)
	at org.springframework.beans.TypeConverterDelegate.doConvertValue(TypeConverterDelegate.java:399)
	at org.springframework.beans.TypeConverterDelegate.convertIfNecessary(TypeConverterDelegate.java:155)
	at org.springframework.beans.TypeConverterSupport.convertIfNecessary(TypeConverterSupport.java:73)
	at org.springframework.beans.TypeConverterSupport.convertIfNecessary(TypeConverterSupport.java:53)
	at org.springframework.validation.DataBinder.convertIfNecessary(DataBinder.java:729)
	at org.springframework.web.method.annotation.AbstractNamedValueMethodArgumentResolver.resolveArgument(AbstractNamedValueMethodArgumentResolver.java:125)
	... 47 common frames omitted
2025-12-12 10:05:25 [http-nio-8080-exec-6] INFO  c.e.q.controller.QRCodeController - Received GET QR generation request for URL: https://example.com, Size: 300x300
2025-12-12 10:05:25 [http-nio-8080-exec-6] INFO  c.e.q.service.QRCodeServiceImpl - Generating QR code for URL: https://example.com
2025-12-12 10:05:25 [http-nio-8080-exec-6] INFO  c.e.q.utill.ValidationUtil - URL validation successful: https://example.com
2025-12-12 10:05:26 [http-nio-8080-exec-6] INFO  c.e.q.utill.QRCodeGenerator - QR code generated successfully. Size: 8862 bytes
2025-12-12 10:05:26 [http-nio-8080-exec-6] INFO  c.e.q.utill.QRCodeGenerator - QR code generated successfully. Size: 8862 bytes
2025-12-12 10:05:26 [http-nio-8080-exec-6] INFO  c.e.q.utill.FileStorageUtil - Created storage directory: C:\Users\Athavan\Documents\Annular Technologies\qr-code-generator\.\qr-storage
2025-12-12 10:05:26 [http-nio-8080-exec-6] INFO  c.e.q.utill.FileStorageUtil - QR code saved to: C:\Users\Athavan\Documents\Annular Technologies\qr-code-generator\.\qr-storage\qr_aHR0cHM6Ly_20251212_100526.png
2025-12-12 10:07:56 [http-nio-8080-exec-4] INFO  c.e.q.controller.QRCodeController - Received GET QR generation request for URL: https://www.instagram.com/thamizh__efx/, Size: 300x300
2025-12-12 10:07:56 [http-nio-8080-exec-4] INFO  c.e.q.service.QRCodeServiceImpl - Generating QR code for URL: https://www.instagram.com/thamizh__efx/
2025-12-12 10:07:56 [http-nio-8080-exec-4] INFO  c.e.q.utill.ValidationUtil - URL validation successful: https://www.instagram.com/thamizh__efx/
2025-12-12 10:07:56 [http-nio-8080-exec-4] INFO  c.e.q.utill.QRCodeGenerator - QR code generated successfully. Size: 10364 bytes
2025-12-12 10:07:56 [http-nio-8080-exec-4] INFO  c.e.q.utill.QRCodeGenerator - QR code generated successfully. Size: 10364 bytes
2025-12-12 10:07:56 [http-nio-8080-exec-4] INFO  c.e.q.utill.FileStorageUtil - QR code saved to: C:\Users\Athavan\Documents\Annular Technologies\qr-code-generator\.\qr-storage\qr_aHR0cHM6Ly_20251212_100756.png
2025-12-12 10:15:27 [http-nio-8080-exec-8] INFO  c.e.q.controller.QRCodeController - Received QR download request for URL: https://www.instagram.com/thamizh__efx/, Size: 300x300
2025-12-12 10:15:27 [http-nio-8080-exec-8] INFO  c.e.q.service.QRCodeServiceImpl - Generating QR code image for URL: https://www.instagram.com/thamizh__efx/, Size: 300x300
2025-12-12 10:15:27 [http-nio-8080-exec-8] INFO  c.e.q.utill.ValidationUtil - URL validation successful: https://www.instagram.com/thamizh__efx/
2025-12-12 10:15:27 [http-nio-8080-exec-8] INFO  c.e.q.utill.QRCodeGenerator - QR code generated successfully. Size: 10364 bytes
2025-12-12 10:15:27 [http-nio-8080-exec-8] INFO  c.e.q.controller.QRCodeController - QR code downloaded successfully. Size: 10364 bytes
2025-12-12 10:18:53 [http-nio-8080-exec-1] INFO  c.e.q.controller.QRCodeController - Received GET QR generation request for URL: https://myapp.com/verify/12345, Size: 300x300
2025-12-12 10:18:53 [http-nio-8080-exec-1] INFO  c.e.q.service.QRCodeServiceImpl - Generating QR code for URL: https://myapp.com/verify/12345
2025-12-12 10:18:53 [http-nio-8080-exec-1] INFO  c.e.q.utill.ValidationUtil - URL validation successful: https://myapp.com/verify/12345
2025-12-12 10:18:53 [http-nio-8080-exec-1] INFO  c.e.q.utill.QRCodeGenerator - QR code generated successfully. Size: 9698 bytes
2025-12-12 10:18:53 [http-nio-8080-exec-1] INFO  c.e.q.utill.QRCodeGenerator - QR code generated successfully. Size: 9698 bytes
2025-12-12 10:18:53 [http-nio-8080-exec-1] INFO  c.e.q.utill.FileStorageUtil - QR code saved to: C:\Users\Athavan\Documents\Annular Technologies\qr-code-generator\.\qr-storage\qr_aHR0cHM6Ly_20251212_101853.png
2025-12-12 10:19:20 [http-nio-8080-exec-4] INFO  c.e.q.controller.QRCodeController - Received GET QR generation request for URL: https://www.instagram.com/thamizh__efx/, Size: 300x300
2025-12-12 10:19:20 [http-nio-8080-exec-4] INFO  c.e.q.service.QRCodeServiceImpl - Generating QR code for URL: https://www.instagram.com/thamizh__efx/
2025-12-12 10:19:20 [http-nio-8080-exec-4] INFO  c.e.q.utill.ValidationUtil - URL validation successful: https://www.instagram.com/thamizh__efx/
2025-12-12 10:19:20 [http-nio-8080-exec-4] INFO  c.e.q.utill.QRCodeGenerator - QR code generated successfully. Size: 10364 bytes
2025-12-12 10:19:20 [http-nio-8080-exec-4] INFO  c.e.q.utill.QRCodeGenerator - QR code generated successfully. Size: 10364 bytes
2025-12-12 10:19:20 [http-nio-8080-exec-4] INFO  c.e.q.utill.FileStorageUtil - QR code saved to: C:\Users\Athavan\Documents\Annular Technologies\qr-code-generator\.\qr-storage\qr_aHR0cHM6Ly_20251212_101920.png
2025-12-12 10:19:25 [http-nio-8080-exec-2] INFO  c.e.q.controller.QRCodeController - Received QR display request for URL: https://www.instagram.com/thamizh__efx/, Size: 300x300
2025-12-12 10:19:25 [http-nio-8080-exec-2] INFO  c.e.q.service.QRCodeServiceImpl - Generating QR code image for URL: https://www.instagram.com/thamizh__efx/, Size: 300x300
2025-12-12 10:19:25 [http-nio-8080-exec-2] INFO  c.e.q.utill.ValidationUtil - URL validation successful: https://www.instagram.com/thamizh__efx/
2025-12-12 10:19:25 [http-nio-8080-exec-2] INFO  c.e.q.utill.QRCodeGenerator - QR code generated successfully. Size: 10364 bytes
2025-12-12 10:19:30 [http-nio-8080-exec-7] INFO  c.e.q.controller.QRCodeController - Received QR display request for URL: https://www.instagram.com/thamizh__efx/, Size: 300x300
2025-12-12 10:19:30 [http-nio-8080-exec-7] INFO  c.e.q.service.QRCodeServiceImpl - Generating QR code image for URL: https://www.instagram.com/thamizh__efx/, Size: 300x300
2025-12-12 10:19:30 [http-nio-8080-exec-7] INFO  c.e.q.utill.ValidationUtil - URL validation successful: https://www.instagram.com/thamizh__efx/
2025-12-12 10:19:30 [http-nio-8080-exec-7] INFO  c.e.q.utill.QRCodeGenerator - QR code generated successfully. Size: 10364 bytes
2025-12-12 10:19:42 [http-nio-8080-exec-8] INFO  c.e.q.controller.QRCodeController - Received GET QR generation request for URL: https://www.instagram.com/thamizh__efx/, Size: 300x300
2025-12-12 10:19:42 [http-nio-8080-exec-8] INFO  c.e.q.service.QRCodeServiceImpl - Generating QR code for URL: https://www.instagram.com/thamizh__efx/
2025-12-12 10:19:42 [http-nio-8080-exec-8] INFO  c.e.q.utill.ValidationUtil - URL validation successful: https://www.instagram.com/thamizh__efx/
2025-12-12 10:19:42 [http-nio-8080-exec-8] INFO  c.e.q.utill.QRCodeGenerator - QR code generated successfully. Size: 10364 bytes
2025-12-12 10:19:42 [http-nio-8080-exec-8] INFO  c.e.q.utill.QRCodeGenerator - QR code generated successfully. Size: 10364 bytes
2025-12-12 10:19:42 [http-nio-8080-exec-8] INFO  c.e.q.utill.FileStorageUtil - QR code saved to: C:\Users\Athavan\Documents\Annular Technologies\qr-code-generator\.\qr-storage\qr_aHR0cHM6Ly_20251212_101942.png
2025-12-12 10:19:47 [http-nio-8080-exec-10] INFO  c.e.q.controller.QRCodeController - Received QR download request for URL: https://www.instagram.com/thamizh__efx/, Size: 300x300
2025-12-12 10:19:47 [http-nio-8080-exec-10] INFO  c.e.q.service.QRCodeServiceImpl - Generating QR code image for URL: https://www.instagram.com/thamizh__efx/, Size: 300x300
2025-12-12 10:19:47 [http-nio-8080-exec-10] INFO  c.e.q.utill.ValidationUtil - URL validation successful: https://www.instagram.com/thamizh__efx/
2025-12-12 10:19:47 [http-nio-8080-exec-10] INFO  c.e.q.utill.QRCodeGenerator - QR code generated successfully. Size: 10364 bytes
2025-12-12 10:19:47 [http-nio-8080-exec-10] INFO  c.e.q.controller.QRCodeController - QR code downloaded successfully. Size: 10364 bytes
2025-12-12 10:38:31 [http-nio-8080-exec-1] INFO  o.s.api.AbstractOpenApiResource - Init duration for springdoc-openapi is: 752 ms
2025-12-12 14:57:43 [main] INFO  c.e.q.QrCodeGeneratorApplication - Starting QrCodeGeneratorApplication using Java 17.0.10 with PID 11588 (C:\Users\Athavan\Documents\Annular Technologies\qr-code-generator\target\classes started by Athavan in C:\Users\Athavan\Documents\Annular Technologies\qr-code-generator)
2025-12-12 14:57:43 [main] INFO  c.e.q.QrCodeGeneratorApplication - No active profile set, falling back to 1 default profile: "default"
2025-12-12 14:57:45 [main] INFO  o.s.b.w.e.tomcat.TomcatWebServer - Tomcat initialized with port(s): 8080 (http)
2025-12-12 14:57:45 [main] INFO  o.a.catalina.core.StandardService - Starting service [Tomcat]
2025-12-12 14:57:45 [main] INFO  o.a.catalina.core.StandardEngine - Starting Servlet engine: [Apache Tomcat/10.1.15]
2025-12-12 14:57:45 [main] INFO  o.a.c.c.C.[Tomcat].[localhost].[/] - Initializing Spring embedded WebApplicationContext
2025-12-12 14:57:45 [main] INFO  o.s.b.w.s.c.ServletWebServerApplicationContext - Root WebApplicationContext: initialization completed in 2201 ms
2025-12-12 14:57:46 [main] WARN  o.s.b.w.s.c.AnnotationConfigServletWebServerApplicationContext - Exception encountered during context initialization - cancelling refresh attempt: org.springframework.context.ApplicationContextException: Failed to start bean 'webServerStartStop'
2025-12-12 14:57:46 [main] INFO  o.a.catalina.core.StandardService - Stopping service [Tomcat]
2025-12-12 14:57:46 [main] INFO  o.s.b.a.l.ConditionEvaluationReportLogger - 

Error starting ApplicationContext. To display the condition evaluation report re-run your application with 'debug' enabled.
2025-12-12 14:57:46 [main] ERROR o.s.b.d.LoggingFailureAnalysisReporter - 

***************************
APPLICATION FAILED TO START
***************************

Description:

Web server failed to start. Port 8080 was already in use.

Action:

Identify and stop the process that's listening on port 8080 or configure this application to listen on another port.

2025-12-12 14:58:44 [main] INFO  c.e.q.QrCodeGeneratorApplication - Starting QrCodeGeneratorApplication using Java 17.0.10 with PID 24792 (C:\Users\Athavan\Documents\Annular Technologies\qr-code-generator\target\classes started by Athavan in C:\Users\Athavan\Documents\Annular Technologies\qr-code-generator)
2025-12-12 14:58:44 [main] INFO  c.e.q.QrCodeGeneratorApplication - No active profile set, falling back to 1 default profile: "default"
2025-12-12 14:58:46 [main] INFO  o.s.b.w.e.tomcat.TomcatWebServer - Tomcat initialized with port(s): 8080 (http)
2025-12-12 14:58:46 [main] INFO  o.a.catalina.core.StandardService - Starting service [Tomcat]
2025-12-12 14:58:46 [main] INFO  o.a.catalina.core.StandardEngine - Starting Servlet engine: [Apache Tomcat/10.1.15]
2025-12-12 14:58:46 [main] INFO  o.a.c.c.C.[Tomcat].[localhost].[/] - Initializing Spring embedded WebApplicationContext
2025-12-12 14:58:46 [main] INFO  o.s.b.w.s.c.ServletWebServerApplicationContext - Root WebApplicationContext: initialization completed in 1881 ms
2025-12-12 14:58:47 [main] INFO  o.s.b.w.e.tomcat.TomcatWebServer - Tomcat started on port(s): 8080 (http) with context path ''
2025-12-12 14:58:47 [main] INFO  c.e.q.QrCodeGeneratorApplication - Started QrCodeGeneratorApplication in 3.469 seconds (process running for 4.003)
2025-12-12 14:59:37 [http-nio-8080-exec-4] INFO  o.a.c.c.C.[Tomcat].[localhost].[/] - Initializing Spring DispatcherServlet 'dispatcherServlet'
2025-12-12 14:59:37 [http-nio-8080-exec-4] INFO  o.s.web.servlet.DispatcherServlet - Initializing Servlet 'dispatcherServlet'
2025-12-12 14:59:37 [http-nio-8080-exec-4] INFO  o.s.web.servlet.DispatcherServlet - Completed initialization in 0 ms
2025-12-12 14:59:37 [http-nio-8080-exec-4] INFO  c.e.q.controller.QRCodeController - Received GET QR generation request for URL: https://www.instagram.com/thamizh__efx/, Size: 300x300
2025-12-12 14:59:37 [http-nio-8080-exec-4] INFO  c.e.q.service.impl.QRCodeServiceImpl - Generating QR code for URL: https://www.instagram.com/thamizh__efx/
2025-12-12 14:59:37 [http-nio-8080-exec-4] INFO  c.e.q.utill.ValidationUtil - URL validation successful: https://www.instagram.com/thamizh__efx/
2025-12-12 14:59:37 [http-nio-8080-exec-4] INFO  c.e.q.utill.QRCodeGenerator - QR code generated successfully. Size: 10364 bytes
2025-12-12 14:59:37 [http-nio-8080-exec-4] INFO  c.e.q.utill.QRCodeGenerator - QR code generated successfully. Size: 10364 bytes
2025-12-12 14:59:37 [http-nio-8080-exec-4] INFO  c.e.q.utill.FileStorageUtil - QR code saved to: C:\Users\Athavan\Documents\Annular Technologies\qr-code-generator\.\qr-storage\qr_aHR0cHM6Ly_20251212_145937.png
2025-12-12 15:02:36 [http-nio-8080-exec-8] INFO  c.e.q.controller.QRCodeController - Received GET QR generation request for URL: https://myapp.com/verify/12345, Size: 300x300
2025-12-12 15:02:36 [http-nio-8080-exec-8] INFO  c.e.q.service.impl.QRCodeServiceImpl - Generating QR code for URL: https://myapp.com/verify/12345
2025-12-12 15:02:36 [http-nio-8080-exec-8] INFO  c.e.q.utill.ValidationUtil - URL validation successful: https://myapp.com/verify/12345
2025-12-12 15:02:36 [http-nio-8080-exec-8] INFO  c.e.q.utill.QRCodeGenerator - QR code generated successfully. Size: 9698 bytes
2025-12-12 15:02:36 [http-nio-8080-exec-8] INFO  c.e.q.utill.QRCodeGenerator - QR code generated successfully. Size: 9698 bytes
2025-12-12 15:02:36 [http-nio-8080-exec-8] INFO  c.e.q.utill.FileStorageUtil - QR code saved to: C:\Users\Athavan\Documents\Annular Technologies\qr-code-generator\.\qr-storage\qr_aHR0cHM6Ly_20251212_150236.png
2025-12-12 15:03:02 [http-nio-8080-exec-5] INFO  c.e.q.controller.QRCodeController - Received GET QR generation request for URL: https://myapp.com/verify/12345, Size: 300x300
2025-12-12 15:03:02 [http-nio-8080-exec-5] INFO  c.e.q.service.impl.QRCodeServiceImpl - Generating QR code for URL: https://myapp.com/verify/12345
2025-12-12 15:03:02 [http-nio-8080-exec-5] INFO  c.e.q.utill.ValidationUtil - URL validation successful: https://myapp.com/verify/12345
2025-12-12 15:03:02 [http-nio-8080-exec-5] INFO  c.e.q.utill.QRCodeGenerator - QR code generated successfully. Size: 9698 bytes
2025-12-12 15:03:02 [http-nio-8080-exec-5] INFO  c.e.q.utill.QRCodeGenerator - QR code generated successfully. Size: 9698 bytes
2025-12-12 15:03:02 [http-nio-8080-exec-5] INFO  c.e.q.utill.FileStorageUtil - QR code saved to: C:\Users\Athavan\Documents\Annular Technologies\qr-code-generator\.\qr-storage\qr_aHR0cHM6Ly_20251212_150302.png
2025-12-12 15:03:08 [http-nio-8080-exec-10] INFO  c.e.q.controller.QRCodeController - Received GET QR generation request for URL: https://www.instagram.com/thamizh__efx/, Size: 300x300
2025-12-12 15:03:08 [http-nio-8080-exec-10] INFO  c.e.q.service.impl.QRCodeServiceImpl - Generating QR code for URL: https://www.instagram.com/thamizh__efx/
2025-12-12 15:03:08 [http-nio-8080-exec-10] INFO  c.e.q.utill.ValidationUtil - URL validation successful: https://www.instagram.com/thamizh__efx/
2025-12-12 15:03:08 [http-nio-8080-exec-10] INFO  c.e.q.utill.QRCodeGenerator - QR code generated successfully. Size: 10364 bytes
2025-12-12 15:03:08 [http-nio-8080-exec-10] INFO  c.e.q.utill.QRCodeGenerator - QR code generated successfully. Size: 10364 bytes
2025-12-12 15:03:08 [http-nio-8080-exec-10] INFO  c.e.q.utill.FileStorageUtil - QR code saved to: C:\Users\Athavan\Documents\Annular Technologies\qr-code-generator\.\qr-storage\qr_aHR0cHM6Ly_20251212_150308.png
2025-12-12 15:03:15 [http-nio-8080-exec-1] INFO  c.e.q.controller.QRCodeController - Received QR download request for URL: https://www.instagram.com/thamizh__efx/, Size: 300x300
2025-12-12 15:03:15 [http-nio-8080-exec-1] INFO  c.e.q.service.impl.QRCodeServiceImpl - Generating QR code image for URL: https://www.instagram.com/thamizh__efx/, Size: 300x300
2025-12-12 15:03:15 [http-nio-8080-exec-1] INFO  c.e.q.utill.ValidationUtil - URL validation successful: https://www.instagram.com/thamizh__efx/
2025-12-12 15:03:15 [http-nio-8080-exec-1] INFO  c.e.q.utill.QRCodeGenerator - QR code generated successfully. Size: 10364 bytes
2025-12-12 15:03:15 [http-nio-8080-exec-1] INFO  c.e.q.controller.QRCodeController - QR code downloaded successfully. Size: 10364 bytes
